
> magic-ball-app@0.1.0 build
> next build

Using vars defined in .dev.vars
   鈻?Next.js 15.5.2

   Creating an optimized production build ...
Using vars defined in .dev.vars
Using vars defined in .dev.vars
Using vars defined in .dev.vars
 鉁?Compiled successfully in 1945ms
   Linting and checking validity of types ...
npm.cmd :  猕?ESLint: nextVitals is not iterable
所在位置 行:1 字符: 42
+ ... ";C:\Program Files\nodejs"; npm.cmd run build > build_output.log 2>&1
+                                 ~~~~~~~~~~~~~~~~~~~~~~~~~~~~~~~~~~~~~~~~~
    + CategoryInfo          : NotSpecified: ( 猕?ESLint: nextVitals is not iterable:String) [], RemoteException
    + FullyQualifiedErrorId : NativeCommandError
 
   Collecting page data ...
   Generating static pages (0/21) ...
   Generating static pages (5/21) 
   Generating static pages (10/21) 
   Generating static pages (15/21) 
 鉁?Generating static pages (21/21)
   Finalizing page optimization ...
   Collecting build traces ...

Route (app)                                 Size  First Load JS
鈹?鈼?/                                    6.48 kB         122 kB
鈹?鈼?/_not-found                            995 B         103 kB
鈹?茠 /api/admin                             157 B         102 kB
鈹?茠 /api/ai/command                        157 B         102 kB
鈹?茠 /api/auth                              157 B         102 kB
鈹?茠 /api/feishu/webhook                    157 B         102 kB
鈹?茠 /api/ideas                             157 B         102 kB
鈹?茠 /api/ping                              157 B         102 kB
鈹?茠 /api/polls                             157 B         102 kB
鈹?茠 /api/polls/[id]                        157 B         102 kB
鈹?茠 /api/polls/[id]/results                157 B         102 kB
鈹?茠 /api/scheduler                         157 B         102 kB
鈹?茠 /api/scheduler/cron                    157 B         102 kB
鈹?茠 /api/scheduler/trigger                 157 B         102 kB
鈹?茠 /api/settings                          157 B         102 kB
鈹?鈼?/login                                2.2 kB         114 kB
鈹?鈼?/settings                            4.97 kB         122 kB
鈹?鈼?/tools/ideas                         6.28 kB         123 kB
鈹?鈼?/tools/polls                         4.52 kB         122 kB
鈹?鈼?/tools/scheduler                     4.59 kB         122 kB
鈹?茠 /vote/[id]                           3.26 kB         115 kB
+ First Load JS shared by all             102 kB
  鈹?chunks/255-e3bf15caf1f1e0f9.js       45.7 kB
  鈹?chunks/4bd1b696-c023c6e3521b1417.js  54.2 kB
  鈹?other shared chunks (total)          1.99 kB


鈼? (Static)   prerendered as static content
茠  (Dynamic)  server-rendered on demand

